An NVIDIA GPU may be present on this machine, but a CUDA-enabled jaxlib is not installed. Falling back to cpu.
=== [1/3] Training Laplacian representation (beta=1.0, orthogonality on) ===
    [beta=1.0] step     0  loss=7.4970  attractive=1.1986  ortho=6.2984
    [beta=1.0] step   500  loss=4.7398  attractive=0.0485  ortho=4.6914
    [beta=1.0] step  1000  loss=4.7007  attractive=0.0084  ortho=4.6923
    [beta=1.0] step  1500  loss=4.7032  attractive=0.0115  ortho=4.6917
    [beta=1.0] step  2000  loss=4.6947  attractive=0.0062  ortho=4.6885
    [beta=1.0] step  2500  loss=4.7030  attractive=0.0112  ortho=4.6918
    [beta=1.0] step  3000  loss=4.7020  attractive=0.0082  ortho=4.6938
    [beta=1.0] step  3500  loss=4.6984  attractive=0.0083  ortho=4.6901
    [beta=1.0] step  4000  loss=4.7019  attractive=0.0114  ortho=4.6905
    [beta=1.0] step  4500  loss=4.7040  attractive=0.0074  ortho=4.6966
    [beta=1.0] step  5000  loss=4.7189  attractive=0.0095  ortho=4.7094
    [beta=1.0] step  5500  loss=4.7018  attractive=0.0078  ortho=4.6940
    [beta=1.0] step  5999  loss=4.7005  attractive=0.0086  ortho=4.6919
=== [2/3] Ablation: training with beta=0.0 (orthogonality off) ===
    [beta=0.0] step     0  loss=1.7314  attractive=1.7314  ortho=5.3817
    [beta=0.0] step   500  loss=0.0006  attractive=0.0006  ortho=6.8824
    [beta=0.0] step  1000  loss=0.0001  attractive=0.0001  ortho=6.8826
    [beta=0.0] step  1500  loss=0.0000  attractive=0.0000  ortho=6.8845
    [beta=0.0] step  2000  loss=0.0000  attractive=0.0000  ortho=6.8870
    [beta=0.0] step  2500  loss=0.0000  attractive=0.0000  ortho=6.8882
    [beta=0.0] step  3000  loss=0.0000  attractive=0.0000  ortho=6.8899
    [beta=0.0] step  3500  loss=0.0000  attractive=0.0000  ortho=6.8906
    [beta=0.0] step  4000  loss=0.0000  attractive=0.0000  ortho=6.8911
    [beta=0.0] step  4500  loss=0.0000  attractive=0.0000  ortho=6.8913
    [beta=0.0] step  5000  loss=0.0000  attractive=0.0000  ortho=6.8916
    [beta=0.0] step  5500  loss=0.0000  attractive=0.0000  ortho=6.8917
    [beta=0.0] step  5999  loss=0.0000  attractive=0.0000  ortho=6.8920

beta=1.0: matched cosine sims = [0.027 0.733 0.723 0.135]  mean=0.405  collapse=0.172
beta=0.0: matched cosine sims = [0.    0.    0.    0.027]  mean=0.007  collapse=1.000

=== [3/3] Training OptionQNetwork with select_dceo_action/q_loss_fn ===
--- 3a: against the LEARNED (trained) Laplacian representation ---
    [options] step      0  q_loss(last200)=nan
    [options] step   2000  q_loss(last200)=0.0000
    [options] step   4000  q_loss(last200)=0.0002
    [options] step   6000  q_loss(last200)=0.0000
    [options] step   8000  q_loss(last200)=0.0000
    [options] step  10000  q_loss(last200)=0.0001
    option 0 (eig 0, sign +1): mean signed delta=-0.0130  frac_positive=0.08
    option 1 (eig 0, sign -1): mean signed delta=-0.0026  frac_positive=0.42
    option 2 (eig 1, sign +1): mean signed delta=0.2132  frac_positive=0.58
    option 3 (eig 1, sign -1): mean signed delta=0.1494  frac_positive=0.17
    option 4 (eig 2, sign +1): mean signed delta=0.0126  frac_positive=0.33
    option 5 (eig 2, sign -1): mean signed delta=0.0172  frac_positive=0.33
    option 6 (eig 3, sign +1): mean signed delta=-0.0017  frac_positive=0.50
    option 7 (eig 3, sign -1): mean signed delta=0.0013  frac_positive=0.33
--- 3b: diagnostic -- against an ORACLE representation (true eigenvectors by table lookup, not repo code) to check whether q_loss_fn/select_dceo_action/OptionQNetwork behave correctly *given* a valid representation, independent of whether laplacian_loss_fn can learn one ---
    [options] step      0  q_loss(last200)=nan
    [options] step   2000  q_loss(last200)=0.0000
    [options] step   4000  q_loss(last200)=0.0000
    [options] step   6000  q_loss(last200)=0.0000
    [options] step   8000  q_loss(last200)=0.0000
    [options] step  10000  q_loss(last200)=0.0000
    option 0 (eig 0, sign +1): mean signed delta=0.0083  frac_positive=0.50
    option 1 (eig 0, sign -1): mean signed delta=0.0512  frac_positive=0.50
    option 2 (eig 1, sign +1): mean signed delta=0.0381  frac_positive=0.75
    option 3 (eig 1, sign -1): mean signed delta=-0.0103  frac_positive=0.17
    option 4 (eig 2, sign +1): mean signed delta=0.0178  frac_positive=0.33
    option 5 (eig 2, sign -1): mean signed delta=0.0057  frac_positive=0.25
    option 6 (eig 3, sign +1): mean signed delta=0.0458  frac_positive=0.58
    option 7 (eig 3, sign -1): mean signed delta=0.0538  frac_positive=0.58

Done in 60.1s. Summary written to jaxhrl/verification/results/dceo_verification_summary.json
